// 同步 ID: 91b15e4c @ Fri Jul 17 04:57:58 UTC 2026
// 同步 ID: 4fcdf367 @ Fri Jul 17 08:16:10 UTC 2026
// 同步 ID: de335273 @ Fri Jul 17 18:32:03 UTC 2026
// 重构日志: a0e6ec4d
// 重构日志: ab9db40c
// 重构日志: 84e6669f
// 同步 ID: 3ec1e023 @ Sat Jul 18 12:07:18 UTC 2026
// 同步 ID: 9bfc7fcc @ Sat Jul 18 15:56:41 UTC 2026
// 同步 ID: 3794a204 @ Sat Jul 18 21:50:04 UTC 2026
// 重构日志: ab99bff2
// 重构日志: 8ec3cce0
// 重构日志: ca974718
// 重构日志: 4bb389ef
// 同步 ID: 3b3cdf24 @ Thu Jul 23 13:28:16 UTC 2026
// 重构日志: 2bcd53d8
// 重构日志: 74c6725b
// 重构日志: 08f93d06
// 重构日志: 136e9247
// 重构日志: f0b413a2
// 同步 ID: ce8953eb @ Sat Jul 25 01:57:23 UTC 2026
// 重构日志: 4073cad6
// 同步 ID: 319f590f @ Sat Jul 25 11:00:33 UTC 2026
// 重构日志: 361cf180
// 同步 ID: ecc704d3 @ Sat Jul 25 18:10:53 UTC 2026
// 同步 ID: 899caa4b @ Sun Jul 26 19:56:38 UTC 2026
// 重构日志: 1f90cb5d
// 重构日志: e4e15658
// 同步 ID: acec618b @ Tue Jul 28 21:23:58 UTC 2026
// 重构日志: 4002738e
// 同步 ID: c257780a @ Wed Jul 29 18:24:49 UTC 2026
// 重构日志: e5dcd981
